// Jest Snapshot v1, https://goo.gl/fbAQLP

exports[`PokemonPage Component should match snapshot when pokemon load 1`] = `
<div>
  <h1>Which pokemon is this?</h1>
  <pokemon-picture-stub pokemonid="1" showpokemon="false"></pokemon-picture-stub>
  <pokemon-options-stub pokemons="[object Object],[object Object],[object Object],[object Object]" selected="false"></pokemon-options-stub>
</div>
<!--v-if-->
`;
