// Jest Snapshot v1, https://goo.gl/fbAQLP

exports[`PokemonOptions Component should match snapshot 1`] = `
<div class="options-container">
  <ul>
    <li class="">bulbasaur</li>
    <li class="">ivysaur</li>
    <li class="">venusaur</li>
    <li class="">charmander</li>
  </ul>
</div>
`;
